1,2,3,4,5,6,7,8
abc
3
5,8,3
1,a,4
4,a,5
2,b,6
6,b,3
3,c,7
7,c,8
